2025-04-13 11:27:09 - Error: SQLSTATE[3D000]: Invalid catalog name: 1046 No database selected in C:\xampp\htdocs\pemweb\src\Bantoo\App\Database\Mysql.php on line 79
2025-04-13 13:34:59 - Error: SQLSTATE[42S02]: Base table or view not found: 1146 Table 'bantoo.active_campaigns_progress' doesn't exist in C:\xampp\htdocs\pemweb\src\Bantoo\App\Database\Mysql.php on line 79
2025-04-13 13:38:35 - Error: SQLSTATE[HY000] [1049] Unknown database 'bantoo' in C:\xampp\htdocs\pemweb\src\Bantoo\App\Database\Mysql.php on line 28
2025-04-13 13:38:40 - Error: SQLSTATE[HY000] [1049] Unknown database 'bantoo' in C:\xampp\htdocs\pemweb\src\Bantoo\App\Database\Mysql.php on line 28
